Target metrics for threshold calibration/reporting: {'prec': 0.85, 'rec': 0.65}
Using seed: 42
Loaded 15316 rows from data/processed/causal_multimodal_dataset_mixed_train_plus_dfdc.csv; using 15316 rows after --train-source=all filter.
Feature profile=extended: av_dim=22 phys_dim=12
Label prevalence: pos=0.9744, neg=0.0256
Warning: --selection-threshold-mode=target with extreme class skew can collapse specificity/recall trade-offs. Consider mode='fixed' or explicit --target-* constraints.
Using group+domain+label stratified split by video_id across 4 groups.
Group split on 'video_id': train_groups=12252 val_groups=3064
Weight application (auto) resolved to: sampler.
Applied group balancing across 4 dataset-label groups.
Applied hard-negative weight to 24 training rows.
Using WeightedRandomSampler for train batches.
Epoch 01 | train_loss=0.0604 val_loss=0.2055 val_acc=0.026 val_auc=0.557 pr_auc=0.980 best_f1=0.987 best_thr=0.337 sel_thr=0.400 sel_prec=0.977 sel_rec=0.953 sel_f1=0.965 worst_bal=0.528 worst_spec=0.100 worst_rec=0.744 sel_score=0.629 targets_ok=Y target_gap=0.000 feasible_thr=142
Epoch 02 | train_loss=0.0408 val_loss=0.2381 val_acc=0.026 val_auc=0.568 pr_auc=0.981 best_f1=0.987 best_thr=0.305 sel_thr=0.373 sel_prec=0.977 sel_rec=0.957 sel_f1=0.967 worst_bal=0.523 worst_spec=0.086 worst_rec=0.692 sel_score=0.623 targets_ok=Y target_gap=0.000 feasible_thr=176
Epoch 03 | train_loss=0.0328 val_loss=0.2750 val_acc=0.025 val_auc=0.573 pr_auc=0.981 best_f1=0.987 best_thr=0.276 sel_thr=0.375 sel_prec=0.979 sel_rec=0.663 sel_f1=0.791 worst_bal=0.548 worst_spec=0.429 worst_rec=0.359 sel_score=0.597 targets_ok=Y target_gap=0.000 feasible_thr=203
Epoch 04 | train_loss=0.0283 val_loss=0.3138 val_acc=0.025 val_auc=0.576 pr_auc=0.981 best_f1=0.987 best_thr=0.250 sel_thr=0.352 sel_prec=0.979 sel_rec=0.653 sel_f1=0.784 worst_bal=0.550 worst_spec=0.443 worst_rec=0.359 sel_score=0.597 targets_ok=Y target_gap=0.000 feasible_thr=228
Epoch 05 | train_loss=0.0256 val_loss=0.3485 val_acc=0.025 val_auc=0.587 pr_auc=0.981 best_f1=0.987 best_thr=0.237 sel_thr=0.334 sel_prec=0.980 sel_rec=0.660 sel_f1=0.789 worst_bal=0.542 worst_spec=0.457 worst_rec=0.333 sel_score=0.594 targets_ok=Y target_gap=0.000 feasible_thr=244
Epoch 06 | train_loss=0.0239 val_loss=0.3785 val_acc=0.025 val_auc=0.582 pr_auc=0.981 best_f1=0.987 best_thr=0.231 sel_thr=0.320 sel_prec=0.981 sel_rec=0.654 sel_f1=0.785 worst_bal=0.529 worst_spec=0.500 worst_rec=0.308 sel_score=0.588 targets_ok=Y target_gap=0.000 feasible_thr=248
Epoch 07 | train_loss=0.0221 val_loss=0.4044 val_acc=0.025 val_auc=0.586 pr_auc=0.981 best_f1=0.987 best_thr=0.225 sel_thr=0.307 sel_prec=0.981 sel_rec=0.671 sel_f1=0.797 worst_bal=0.466 worst_spec=0.500 worst_rec=0.308 sel_score=0.551 targets_ok=Y target_gap=0.000 feasible_thr=242
Epoch 08 | train_loss=0.0221 val_loss=0.4175 val_acc=0.025 val_auc=0.597 pr_auc=0.981 best_f1=0.987 best_thr=0.227 sel_thr=0.301 sel_prec=0.982 sel_rec=0.682 sel_f1=0.805 worst_bal=0.479 worst_spec=0.500 worst_rec=0.333 sel_score=0.561 targets_ok=Y target_gap=0.000 feasible_thr=233
Epoch 09 | train_loss=0.0217 val_loss=0.4272 val_acc=0.025 val_auc=0.608 pr_auc=0.982 best_f1=0.987 best_thr=0.230 sel_thr=0.298 sel_prec=0.983 sel_rec=0.656 sel_f1=0.787 worst_bal=0.554 worst_spec=0.557 worst_rec=0.359 sel_score=0.609 targets_ok=Y target_gap=0.000 feasible_thr=210
Early stopping triggered.
Best AUC: 0.6079138543974445
Best selection score: 0.6294144775290275
✔ Threshold report saved to models/featup_dfdcplus_v1_prec85/cfn_threshold_report.json
Learned alpha (AV causal weight): 0.5679104924201965
Learned beta (Physical causal weight): 0.45498207211494446
Validation causal penalty: 0.023386375978589058
✔ CFN model saved to models/featup_dfdcplus_v1_prec85/cfn_emb.pth
✔ Scaler saved to models/featup_dfdcplus_v1_prec85/cfn_scaler.pkl
